=== nightly build started 2026-08-19T13:00:01+00:00 ===
--- refreshing universe ---

[36m==================================================================
== 1. fetching every NSE instrument
==================================================================[0m
  [32mok  [0m 114,545 instruments in the dump

  everything Kite tags segment=NSE instrument_type=EQ,
  broken down by SERIES (the suffix after the hyphen):

    SG                     4298   [33mdropped (debt/other)[0m
    EQ (no suffix)         2977   [32mKEPT[0m
    N0                      978   [33mdropped (debt/other)[0m
    SM                      439   [32mKEPT[0m
    BE                      228   [32mKEPT[0m
    GS                      132   [33mdropped (debt/other)[0m
    ST                      122   [32mKEPT[0m
    N1                      107   [33mdropped (debt/other)[0m
    TB                       81   [33mdropped (debt/other)[0m
    SF                       50   [33mdropped (debt/other)[0m
    GB                       45   [33mdropped (debt/other)[0m
    N2                       37   [33mdropped (debt/other)[0m
    N3                       29   [33mdropped (debt/other)[0m
    BZ                       28   [32mKEPT[0m

  [1m3,456 equities kept, 6,255 dropped[0m

  KSHINTL present: [1mTrue[0m
  sample: 20MICRONS, 21STCENMGM, 360ONE, 3BBLACKBIO, 3IINFOLTD, 3MINDIA, 3PLAND, 5PAISA, 63MOONS, A2ZINFRA ...

[36m==================================================================
== 2. how much is currently invisible
==================================================================[0m
  5 index list(s) consulted (excluding 'NSE All Equity' itself)
  scannable today      752
  [1mnewly scannable      2,706[0m

  a few that were invisible: 20MICRONS, 21STCENMGM, 3BBLACKBIO, 3IINFOLTD, 3PLAND, 5PAISA, 63MOONS, A2ZINFRA, AAATECH, AAKAAR, AAKASH, AARADHYA ...

  [33m2 symbol(s) are in your NIFTY indices but NOT in the equity dump:[0m
    DUMMYINXGN, DUMMYTRVN
  [32madded them — the universe is now a strict superset of the tradeable names you scan today[0m

[36m==================================================================
== 3. output
==================================================================[0m
  /opt/breakoutscanner/nse_all_equity.txt
  [32mok  [0m wrote 3,458 symbols (28,645 bytes)
  [32mok  [0m re-read cleanly; KSHINTL is in the list

[36m==================================================================
== next
==================================================================[0m
  Try a slice first — 2,000 symbols on a 512 MB box is a real risk:

    sudo -u breakout /opt/breakoutscanner/.venv/bin/python \
      /opt/breakoutscanner/build_snapshot.py \
      --symbols-file /opt/breakoutscanner/nse_all_equity.txt --limit 300

  If that completes, drop --limit for the full run. Watch it the first
  time. [33mAn OOM kill stops it mid-build, and a truncated snapshot is the
  silent-wrong failure we have spent this session removing.[0m

  Then confirm the stock that started this:

    sudo -u breakout /opt/breakoutscanner/.venv/bin/python \
      /opt/breakoutscanner/diagnose_symbol.py KSHINTL
universe: 3458 symbols
--- prefetching price cache ---
$AARADHYA.NS: possibly delisted; no timezone found
$ABHAPOWER.NS: possibly delisted; no timezone found
$AERON.NS: possibly delisted; no timezone found
$ADDICTIVE.NS: possibly delisted; no timezone found
$AESTHETIK.NS: possibly delisted; no timezone found
$ACETEC.NS: possibly delisted; no timezone found
$ADISOFT.NS: possibly delisted; no timezone found
$ACTIVEINFR.NS: possibly delisted; no timezone found
$ACCPL.NS: possibly delisted; no timezone found
$AAKAAR.NS: possibly delisted; no timezone found

10 Failed downloads:
['AARADHYA.NS', 'ABHAPOWER.NS', 'AERON.NS', 'ADDICTIVE.NS', 'AESTHETIK.NS', 'ACETEC.NS', 'ADISOFT.NS', 'ACTIVEINFR.NS', 'ACCPL.NS', 'AAKAAR.NS']: possibly delisted; no timezone found
  [33mwarn[0m --app points at the ORIGINAL app, not the lab.
  [33mwarn[0m That is allowed but not the default. Ctrl-C now if unintended.

[36m==================================================================
== 1. wiring  (/opt/breakoutscanner)
==================================================================[0m
  [32mok  [0m yfinance 1.5.2, pandas 2.3.3
  [32mok  [0m cache dir /opt/breakoutscanner/data_cache/prices_daily
  [32mok  [0m yahoo_ticker and _normalize_ohlcv available
  [32mok  [0m 3,458 symbols from nse_all_equity.txt

  window     2020-01-24 -> 2026-08-20  (2400 calendar days)
  batches    35 x 100
  [1mvs the current path: 3,458 serialised requests[0m

[36m==================================================================
== 2. fetching
==================================================================[0m
  100/3458     18s  eta  608s
$AKANKSHA.NS: possibly delisted; no timezone found
$ANAWIL.NS: possibly delisted; no timezone found
$AMCL.NS: possibly delisted; no timezone found
$AMBAAUTO.NS: possibly delisted; no timezone found
$AMBANIORGO.NS: possibly delisted; no timezone found
$AGARWALTUF.NS: possibly delisted; no timezone found
$ANONDITA.NS: possibly delisted; no timezone found
$ALCODIS.NS: possibly delisted; no timezone found

8 Failed downloads:
['AKANKSHA.NS', 'ANAWIL.NS', 'AMCL.NS', 'AMBAAUTO.NS', 'AMBANIORGO.NS', 'AGARWALTUF.NS', 'ANONDITA.NS', 'ALCODIS.NS']: possibly delisted; no timezone found
  200/3458     35s  eta  578s
$APRAMEYA.NS: possibly delisted; no timezone found
$ASHWINI.NS: possibly delisted; no timezone found
$ARHAM.NS: possibly delisted; no timezone found
$ARUNAYA.NS: possibly delisted; no timezone found
$ASHALOG.NS: possibly delisted; no timezone found
$APEXECO.NS: possibly delisted; no timezone found
$ATCENERGY.NS: possibly delisted; no timezone found
$ARMOUR.NS: possibly delisted; no timezone found
$APSISAERO.NS: possibly delisted; no timezone found
$ARCIIL.NS: possibly delisted; no timezone found
$ANYA.NS: possibly delisted; no timezone found
$APOORVA.NS: possibly delisted; no timezone found
$ARVINDPORT.NS: possibly delisted; no timezone found

13 Failed downloads:
['APRAMEYA.NS', 'ASHWINI.NS', 'ARHAM.NS', 'ARUNAYA.NS', 'ASHALOG.NS', 'APEXECO.NS', 'ATCENERGY.NS', 'ARMOUR.NS', 'APSISAERO.NS', 'ARCIIL.NS', 'ANYA.NS', 'APOORVA.NS', 'ARVINDPORT.NS']: possibly delisted; no timezone found
  300/3458     54s  eta  564s
$BALCO.NS: possibly delisted; no timezone found
$BAGDIGITAL.NS: possibly delisted; no timezone found
$AVIENCE.NS: possibly delisted; no timezone found
$AVIANSH.NS: possibly delisted; no timezone found
$BARFLEX.NS: possibly delisted; no timezone found
$BALAJIPHOS.NS: possibly delisted; no timezone found
$AVATAR.NS: possibly delisted; no timezone found
$AUSL.NS: possibly delisted; no timezone found
$AVANA.NS: possibly delisted; no timezone found

9 Failed downloads:
['BALCO.NS', 'BAGDIGITAL.NS', 'AVIENCE.NS', 'AVIANSH.NS', 'BARFLEX.NS', 'BALAJIPHOS.NS', 'AVATAR.NS', 'AUSL.NS', 'AVANA.NS']: possibly delisted; no timezone found
  400/3458     71s  eta  542s
$BLUEWATER.NS: possibly delisted; no timezone found
$BMLL.NS: possibly delisted; no timezone found
$BIKEWO.NS: possibly delisted; no timezone found
$BIOPOL.NS: possibly delisted; no timezone found
$BHADORA.NS: possibly delisted; no timezone found

5 Failed downloads:
['BLUEWATER.NS', 'BMLL.NS', 'BIKEWO.NS', 'BIOPOL.NS', 'BHADORA.NS']: possibly delisted; no timezone found
  500/3458     87s  eta  512s
$CHETANA.NS: possibly delisted; no timezone found
$C2C.NS: possibly delisted; no timezone found
$BRANDMAN.NS: possibly delisted; no timezone found
$CEDAAR.NS: possibly delisted; no timezone found
$CHANDAN.NS: possibly delisted; no timezone found
$CHAMUNDA.NS: possibly delisted; no timezone found
$BOSS.NS: possibly delisted; no timezone found
$BRACEPORT.NS: possibly delisted; no timezone found
$BULKCORP.NS: possibly delisted; no timezone found

9 Failed downloads:
['CHETANA.NS', 'C2C.NS', 'BRANDMAN.NS', 'CEDAAR.NS', 'CHANDAN.NS', 'CHAMUNDA.NS', 'BOSS.NS', 'BRACEPORT.NS', 'BULKCORP.NS']: possibly delisted; no timezone found
  600/3458    103s  eta  493s
$CURRENT.NS: possibly delisted; no timezone found
$CUDML.NS: possibly delisted; no timezone found
$CLASSICEIL.NS: possibly delisted; no timezone found
$CURIS.NS: possibly delisted; no timezone found
$CONNPLEX.NS: possibly delisted; no timezone found
$CSSL.NS: possibly delisted; no timezone found
$CLAYCRAFT.NS: possibly delisted; no timezone found
$CKKRETAIL.NS: possibly delisted; no timezone found

8 Failed downloads:
['CURRENT.NS', 'CUDML.NS', 'CLASSICEIL.NS', 'CURIS.NS', 'CONNPLEX.NS', 'CSSL.NS', 'CLAYCRAFT.NS', 'CKKRETAIL.NS']: possibly delisted; no timezone found
  700/3458    120s  eta  473s
$DIVINEHIRA.NS: possibly delisted; no timezone found
$DHARARAIL.NS: possibly delisted; no timezone found
$DIVYADHAN.NS: possibly delisted; no timezone found
$DELTIC.NS: possibly delisted; no timezone found
$DANISH.NS: possibly delisted; no timezone found
$DHANSA.NS: possibly delisted; no timezone found
$DHARIWAL.NS: possibly delisted; no timezone found
$DECCANTRAN.NS: possibly delisted; no timezone found
$DIRL.NS: possibly delisted; no timezone found
$DCCL.NS: possibly delisted; no timezone found

10 Failed downloads:
['DIVINEHIRA.NS', 'DHARARAIL.NS', 'DIVYADHAN.NS', 'DELTIC.NS', 'DANISH.NS', 'DHANSA.NS', 'DHARIWAL.NS', 'DECCANTRAN.NS', 'DIRL.NS', 'DCCL.NS']: possibly delisted; no timezone found
  800/3458    137s  eta  455s
$DRSCARGO.NS: possibly delisted; no timezone found
$ENCOMPAS.NS: possibly delisted; no timezone found
$EMAPARTNER.NS: possibly delisted; no timezone found
$EEPL.NS: possibly delisted; no timezone found
$E2ERAIL.NS: possibly delisted; no timezone found
$DUMMYINXGN.NS: possibly delisted; no timezone found
$DUMMYTRVN.NS: possibly delisted; no timezone found
$ELGNZ.NS: possibly delisted; no timezone found
$ECOLINE.NS: possibly delisted; no timezone found

9 Failed downloads:
['DRSCARGO.NS', 'ENCOMPAS.NS', 'EMAPARTNER.NS', 'EEPL.NS', 'E2ERAIL.NS', 'DUMMYINXGN.NS', 'DUMMYTRVN.NS', 'ELGNZ.NS', 'ECOLINE.NS']: possibly delisted; no timezone found
  900/3458    153s  eta  435s
$EXIMROUTES.NS: possibly delisted; no timezone found
$FLYSBS.NS: possibly delisted; no timezone found
$FINBUD.NS: possibly delisted; no timezone found
$ESPRIT.NS: possibly delisted; no timezone found
$EPWINDIA.NS: possibly delisted; no timezone found
$ETML.NS: possibly delisted; no timezone found
$FOCE.NS: possibly delisted; no timezone found
$FORCAS.NS: possibly delisted; no timezone found
$ETL.NS: possibly delisted; no timezone found
$ENVIRO.NS: possibly delisted; no timezone found
$EXCELLENT.NS: possibly delisted; no timezone found

11 Failed downloads:
['EXIMROUTES.NS', 'FLYSBS.NS', 'FINBUD.NS', 'ESPRIT.NS', 'EPWINDIA.NS', 'ETML.NS', 'FOCE.NS', 'FORCAS.NS', 'ETL.NS', 'ENVIRO.NS', 'EXCELLENT.NS']: possibly delisted; no timezone found
  1000/3458    168s  eta  412s
$GJL.NS: possibly delisted; no timezone found
$FWSTC.NS: possibly delisted; no timezone found
$GAJANAND.NS: possibly delisted; no timezone found
$FORGEAUTO.NS: possibly delisted; no timezone found
$GANGABATH.NS: possibly delisted; no timezone found
$FRESHARA.NS: possibly delisted; no timezone found
$GENXAI.NS: possibly delisted; no timezone found
$GCHOTELS.NS: possibly delisted; no timezone found
$GML.NS: possibly delisted; no timezone found
$GANESHIN.NS: possibly delisted; no timezone found

10 Failed downloads:
['GJL.NS', 'FWSTC.NS', 'GAJANAND.NS', 'FORGEAUTO.NS', 'GANGABATH.NS', 'FRESHARA.NS', 'GENXAI.NS', 'GCHOTELS.NS', 'GML.NS', 'GANESHIN.NS']: possibly delisted; no timezone found
  1100/3458    184s  eta  395s
$GREENLEAF.NS: possibly delisted; no timezone found

1 Failed download:
['GREENLEAF.NS']: possibly delisted; no timezone found
  1200/3458    198s  eta  372s
$HAPPY.NS: possibly delisted; no timezone found
$GURUNANAK.NS: possibly delisted; no timezone found

2 Failed downloads:
['HAPPY.NS', 'GURUNANAK.NS']: possibly delisted; no timezone found
  1300/3458    214s  eta  355s
$IDENTICAL.NS: possibly delisted; no timezone found
$HVAX.NS: possibly delisted; no timezone found
$IDEALTECHO.NS: possibly delisted; no timezone found
$HPTL.NS: possibly delisted; no timezone found
$ICELCO.NS: possibly delisted; no timezone found

5 Failed downloads:
['IDENTICAL.NS', 'HVAX.NS', 'IDEALTECHO.NS', 'HPTL.NS', 'ICELCO.NS']: possibly delisted; no timezone found
  1400/3458    230s  eta  337s
$ITTL.NS: possibly delisted; no timezone found
$JAYBEE.NS: possibly delisted; no timezone found
$INFLUX.NS: possibly delisted; no timezone found
$IWARE.NS: possibly delisted; no timezone found
$INNOMET.NS: possibly delisted; no timezone found
$INVICTA.NS: possibly delisted; no timezone found
$IPHL.NS: possibly delisted; no timezone found
$JAINIK.NS: possibly delisted; no timezone found
$INTEGRITY.NS: possibly delisted; no timezone found

9 Failed downloads:
['ITTL.NS', 'JAYBEE.NS', 'INFLUX.NS', 'IWARE.NS', 'INNOMET.NS', 'INVICTA.NS', 'IPHL.NS', 'JAINIK.NS', 'INTEGRITY.NS']: possibly delisted; no timezone found
  1500/3458    245s  eta  320s
$JAYESH.NS: possibly delisted; no timezone found
$KATARIA.NS: possibly delisted; no timezone found
$KALANA.NS: possibly delisted; no timezone found
$JYOTIGLOBL.NS: possibly delisted; no timezone found
$JEYYAM.NS: possibly delisted; no timezone found
$KAYTEX.NS: possibly delisted; no timezone found

6 Failed downloads:
['JAYESH.NS', 'KATARIA.NS', 'KALANA.NS', 'JYOTIGLOBL.NS', 'JEYYAM.NS', 'KAYTEX.NS']: possibly delisted; no timezone found
  1600/3458    261s  eta  303s
$KKJEWELS.NS: possibly delisted; no timezone found
$KRMAYURVED.NS: possibly delisted; no timezone found
$KEN.NS: possibly delisted; no timezone found
$LAKSHYA.NS: possibly delisted; no timezone found
$LAMOSAIC.NS: possibly delisted; no timezone found

5 Failed downloads:
['KKJEWELS.NS', 'KRMAYURVED.NS', 'KEN.NS', 'LAKSHYA.NS', 'LAMOSAIC.NS']: possibly delisted; no timezone found
  1700/3458    277s  eta  286s
$MACOBSTECH.NS: possibly delisted; no timezone found

1 Failed download:
['MACOBSTECH.NS']: possibly delisted; no timezone found
  1800/3458    292s  eta  269s
$MEDISTEP.NS: possibly delisted; no timezone found
$MAYASHEEL.NS: possibly delisted; no timezone found
$MARUSHIKA.NS: possibly delisted; no timezone found
$MAXVOLT.NS: possibly delisted; no timezone found
$MANILAM.NS: possibly delisted; no timezone found

5 Failed downloads:
['MEDISTEP.NS', 'MAYASHEEL.NS', 'MARUSHIKA.NS', 'MAXVOLT.NS', 'MANILAM.NS']: possibly delisted; no timezone found
  1900/3458    307s  eta  252s
$METALIC.NS: possibly delisted; no timezone found
$MMEL.NS: possibly delisted; no timezone found
$MONOLITH.NS: possibly delisted; no timezone found
$MGSL.NS: possibly delisted; no timezone found
$MIEL.NS: possibly delisted; no timezone found
$MOBILISE.NS: possibly delisted; no timezone found

6 Failed downloads:
['METALIC.NS', 'MMEL.NS', 'MONOLITH.NS', 'MGSL.NS', 'MIEL.NS', 'MOBILISE.NS']: possibly delisted; no timezone found
  2000/3458    321s  eta  234s
$NAMOEWASTE.NS: possibly delisted; no timezone found
$NEOCHEM.NS: possibly delisted; no timezone found
$MUNISH.NS: possibly delisted; no timezone found
$MRIL.NS: possibly delisted; no timezone found
$MPEL.NS: possibly delisted; no timezone found
$NEELAM.NS: possibly delisted; no timezone found
$MYMUDRA.NS: possibly delisted; no timezone found

7 Failed downloads:
['NAMOEWASTE.NS', 'NEOCHEM.NS', 'MUNISH.NS', 'MRIL.NS', 'MPEL.NS', 'NEELAM.NS', 'MYMUDRA.NS']: possibly delisted; no timezone found
  2100/3458    335s  eta  217s
$NEPTUNE.NS: possibly delisted; no timezone found
$NRVANDANA.NS: possibly delisted; no timezone found
$NFPSAMPOOR.NS: possibly delisted; no timezone found
$NMSTEEL.NS: possibly delisted; no timezone found
$OBSCP.NS: possibly delisted; no timezone found
$NIKITA.NS: possibly delisted; no timezone found

6 Failed downloads:
['NEPTUNE.NS', 'NRVANDANA.NS', 'NFPSAMPOOR.NS', 'NMSTEEL.NS', 'OBSCP.NS', 'NIKITA.NS']: possibly delisted; no timezone found
  2200/3458    351s  eta  200s
$PARTH.NS: possibly delisted; no timezone found
$OPTIMYSTIX.NS: possibly delisted; no timezone found
$PARAMPARA.NS: possibly delisted; no timezone found
$ONYX.NS: possibly delisted; no timezone found
$OSELDEVICE.NS: possibly delisted; no timezone found
$PARAMATRIX.NS: possibly delisted; no timezone found
$PELATRO.NS: possibly delisted; no timezone found
$PATILAUTOM.NS: possibly delisted; no timezone found
$PARAMOUNT.NS: possibly delisted; no timezone found
$OPTIVALUE.NS: possibly delisted; no timezone found

10 Failed downloads:
['PARTH.NS', 'OPTIMYSTIX.NS', 'PARAMPARA.NS', 'ONYX.NS', 'OSELDEVICE.NS', 'PARAMATRIX.NS', 'PELATRO.NS', 'PATILAUTOM.NS', 'PARAMOUNT.NS', 'OPTIVALUE.NS']: possibly delisted; no timezone found
  2300/3458    366s  eta  184s
$PRANIK.NS: possibly delisted; no timezone found
$PPSL.NS: possibly delisted; no timezone found
$PRAMODINI.NS: possibly delisted; no timezone found
$PHOGLOBAL.NS: possibly delisted; no timezone found
$PRIMECAB.NS: possibly delisted; no timezone found
$PREMIUM.NS: possibly delisted; no timezone found
$POSITRON.NS: possibly delisted; no timezone found

7 Failed downloads:
['PRANIK.NS', 'PPSL.NS', 'PRAMODINI.NS', 'PHOGLOBAL.NS', 'PRIMECAB.NS', 'PREMIUM.NS', 'POSITRON.NS']: possibly delisted; no timezone found
  2400/3458    383s  eta  169s
$PROPSHOP.NS: possibly delisted; no timezone found
$RAPPID.NS: possibly delisted; no timezone found
$PROFX.NS: possibly delisted; no timezone found
$RAPIDFLEET.NS: possibly delisted; no timezone found
$RAJINDLTD.NS: possibly delisted; no timezone found
$RAJPUTANA.NS: possibly delisted; no timezone found
$PUSHPA.NS: possibly delisted; no timezone found
$QLINE.NS: possibly delisted; no timezone found
$PSRAJ.NS: possibly delisted; no timezone found
$PURPLEUTED.NS: possibly delisted; no timezone found
$PSFL.NS: possibly delisted; no timezone found
$QVCEL.NS: possibly delisted; no timezone found

12 Failed downloads:
['PROPSHOP.NS', 'RAPPID.NS', 'PROFX.NS', 'RAPIDFLEET.NS', 'RAJINDLTD.NS', 'RAJPUTANA.NS', 'PUSHPA.NS', 'QLINE.NS', 'PSRAJ.NS', 'PURPLEUTED.NS', 'PSFL.NS', 'QVCEL.NS']: possibly delisted; no timezone found
  2500/3458    399s  eta  153s
$RFBL.NS: possibly delisted; no timezone found
$READYMIX.NS: possibly delisted; no timezone found
$REXPRO.NS: possibly delisted; no timezone found
$ROYALARC.NS: possibly delisted; no timezone found
$RNPL.NS: possibly delisted; no timezone found
$RICHA.NS: possibly delisted; no timezone found
$RTL.NS: possibly delisted; no timezone found
$RNFI.NS: possibly delisted; no timezone found

8 Failed downloads:
['RFBL.NS', 'READYMIX.NS', 'REXPRO.NS', 'ROYALARC.NS', 'RNPL.NS', 'RICHA.NS', 'RTL.NS', 'RNFI.NS']: possibly delisted; no timezone found
  2600/3458    416s  eta  137s
$SAMAY.NS: possibly delisted; no timezone found
$SAJHOTELS.NS: possibly delisted; no timezone found
$SAHASRA.NS: possibly delisted; no timezone found
$SAVY.NS: possibly delisted; no timezone found
$SATECH.NS: possibly delisted; no timezone found
$SAWALIYA.NS: possibly delisted; no timezone found
$SATTVAENGG.NS: possibly delisted; no timezone found
$SAFEENTP.NS: possibly delisted; no timezone found
$SATKARTAR.NS: possibly delisted; no timezone found
$SACHEEROME.NS: possibly delisted; no timezone found

10 Failed downloads:
['SAMAY.NS', 'SAJHOTELS.NS', 'SAHASRA.NS', 'SAVY.NS', 'SATECH.NS', 'SAWALIYA.NS', 'SATTVAENGG.NS', 'SAFEENTP.NS', 'SATKARTAR.NS', 'SACHEEROME.NS']: possibly delisted; no timezone found
  2700/3458    431s  eta  121s
$SHRIKANHA.NS: possibly delisted; no timezone found
$SHEEL.NS: possibly delisted; no timezone found
$SHKSIL.NS: possibly delisted; no timezone found
$SFML.NS: possibly delisted; no timezone found
$SHREEDHAR.NS: possibly delisted; no timezone found
$SDREAMS.NS: possibly delisted; no timezone found
$SHETHJI.NS: possibly delisted; no timezone found
$SHIVASHRIT.NS: possibly delisted; no timezone found
$SHRIAHIMSA.NS: possibly delisted; no timezone found
$SELLOWRAP.NS: possibly delisted; no timezone found

10 Failed downloads:
['SHRIKANHA.NS', 'SHEEL.NS', 'SHKSIL.NS', 'SFML.NS', 'SHREEDHAR.NS', 'SDREAMS.NS', 'SHETHJI.NS', 'SHIVASHRIT.NS', 'SHRIAHIMSA.NS', 'SELLOWRAP.NS']: possibly delisted; no timezone found
  2800/3458    447s  eta  105s
$SOCL.NS: possibly delisted; no timezone found
$SIDDHICOTS.NS: possibly delisted; no timezone found
$SNEHAA.NS: possibly delisted; no timezone found
$SIMCA.NS: possibly delisted; no timezone found
$SHUBHSHREE.NS: possibly delisted; no timezone found
$SHYAMDHANI.NS: possibly delisted; no timezone found
$SILKY.NS: possibly delisted; no timezone found
$SMARTEN.NS: possibly delisted; no timezone found

8 Failed downloads:
['SOCL.NS', 'SIDDHICOTS.NS', 'SNEHAA.NS', 'SIMCA.NS', 'SHUBHSHREE.NS', 'SHYAMDHANI.NS', 'SILKY.NS', 'SMARTEN.NS']: possibly delisted; no timezone found
  2900/3458    462s  eta   89s
$SPCON.NS: possibly delisted; no timezone found
$SPPPOLY.NS: possibly delisted; no timezone found
$SUNLITE.NS: possibly delisted; no timezone found
$STRIDERS.NS: possibly delisted; no timezone found
$SUN-RE.NS: possibly delisted; no timezone found
$SPEB.NS: possibly delisted; no timezone found
$SPUNWEB.NS: possibly delisted; no timezone found
$SUBAHOTELS.NS: possibly delisted; no timezone found
$SSEGL.NS: possibly delisted; no timezone found
$SUNTECH.NS: possibly delisted; no timezone found
$STUDIOLSD.NS: possibly delisted; no timezone found

11 Failed downloads:
['SPCON.NS', 'SPPPOLY.NS', 'SUNLITE.NS', 'STRIDERS.NS', 'SUN-RE.NS', 'SPEB.NS', 'SPUNWEB.NS', 'SUBAHOTELS.NS', 'SSEGL.NS', 'SUNTECH.NS', 'STUDIOLSD.NS']: possibly delisted; no timezone found
  3000/3458    480s  eta   73s
$TEJASCARGO.NS: possibly delisted; no timezone found
$TAURIAN.NS: possibly delisted; no timezone found
$TEAMTECH.NS: possibly delisted; no timezone found
$TECHERA.NS: possibly delisted; no timezone found
$TEJA.NS: possibly delisted; no timezone found
$TANKUP.NS: possibly delisted; no timezone found
$TECHD.NS: possibly delisted; no timezone found

7 Failed downloads:
['TEJASCARGO.NS', 'TAURIAN.NS', 'TEAMTECH.NS', 'TECHERA.NS', 'TEJA.NS', 'TANKUP.NS', 'TECHD.NS']: possibly delisted; no timezone found
  3100/3458    496s  eta   57s
$THESL.NS: possibly delisted; no timezone found
$TROM.NS: possibly delisted; no timezone found
$TSC.NS: possibly delisted; no timezone found

3 Failed downloads:
['THESL.NS', 'TROM.NS', 'TSC.NS']: possibly delisted; no timezone found
  3200/3458    512s  eta   41s
$UHTL.NS: possibly delisted; no timezone found
$VGINFOTECH.NS: possibly delisted; no timezone found
$UTKAL.NS: possibly delisted; no timezone found
$UTSSAV.NS: possibly delisted; no timezone found
$VALUE360.NS: possibly delisted; no timezone found
$UNILEX.NS: possibly delisted; no timezone found
$VDEAL.NS: possibly delisted; no timezone found
$USHAFIN.NS: possibly delisted; no timezone found

8 Failed downloads:
['UHTL.NS', 'VGINFOTECH.NS', 'UTKAL.NS', 'UTSSAV.NS', 'VALUE360.NS', 'UNILEX.NS', 'VDEAL.NS', 'USHAFIN.NS']: possibly delisted; no timezone found
  3300/3458    527s  eta   25s
$VIGOR.NS: possibly delisted; no timezone found
$VICTORYEV.NS: possibly delisted; no timezone found
$VIJAYPD.NS: possibly delisted; no timezone found
$VIESL.NS: possibly delisted; no timezone found
$VISDEM.NS: possibly delisted; no timezone found
$VOLERCAR.NS: possibly delisted; no timezone found
$VIVIDEL.NS: possibly delisted; no timezone found
$VLINFRA.NS: possibly delisted; no timezone found
$VMOBILE.NS: possibly delisted; no timezone found

9 Failed downloads:
['VIGOR.NS', 'VICTORYEV.NS', 'VIJAYPD.NS', 'VIESL.NS', 'VISDEM.NS', 'VOLERCAR.NS', 'VIVIDEL.NS', 'VLINFRA.NS', 'VMOBILE.NS']: possibly delisted; no timezone found
  3400/3458    544s  eta    9s
$WHITEFORCE.NS: possibly delisted; no timezone found
$YAAP.NS: possibly delisted; no timezone found
$WOL3D.NS: possibly delisted; no timezone found

3 Failed downloads:
['WHITEFORCE.NS', 'YAAP.NS', 'WOL3D.NS']: possibly delisted; no timezone found
  3458/3458    553s  eta    0s

[36m==================================================================
== 3. result
==================================================================[0m
  [32mok  [0m 3,197 cached, 261 no data, 0 errors, 554s
       0.160s per symbol (the serialised path was ~0.45s)
       symbols without data written to /opt/breakoutscanner/data_cache/prefetch_no_data.txt
       e.g. AAKAAR, AARADHYA, ABHAPOWER, ACCPL, ACETEC, ACTIVEINFR, ADDICTIVE, ADISOFT

  [1mNow run the build. It should read cache and finish in a fraction of
  the time — that comparison is the point, so time it:[0m

      time sudo -u breakout /opt/breakoutscanner/.venv/bin/python \
        /opt/breakoutscanner/build_snapshot.py --symbols-file /opt/breakoutscanner/nse_all_equity.txt

  [33mIf it is still slow, the cache is being rejected rather than missing,
  and the min_rows threshold is the next thing to change — not this.[0m
--- building snapshot ---
Nifty Capital Markets: no constituent file found (24 URLs tried)
  [32mok[0m  302 symbols classified as ETFs/funds (data_cache/nse_funds.txt)
  [32mok[0m  209 F&O underlyings (data_cache/nse_fno.txt)

[36m== building snapshot: /opt/breakoutscanner/nse_all_equity.txt ==[0m
  /opt/breakoutscanner/nse_all_equity.txt: 3458 symbols
  skipping 261 symbol(s) prefetch found no data for (it retries them on its next run)
  breakout detector: detect_breakout(df, symbol, timeframe, cfg, mode, vol_mult, lookback, atr_period, atr_mult, direction_filter)
  25/3197      4s  eta  463s
  50/3197      7s  eta  434s
  75/3197     10s  eta  435s
  100/3197     14s  eta  424s
  125/3197     17s  eta  416s
  150/3197     20s  eta  412s
  175/3197     24s  eta  416s
  200/3197     28s  eta  414s
  225/3197     32s  eta  419s
  250/3197     35s  eta  417s
  275/3197     39s  eta  413s
  300/3197     43s  eta  412s
  325/3197     46s  eta  409s
  350/3197     50s  eta  404s
  375/3197     53s  eta  397s
  400/3197     56s  eta  393s
  425/3197     59s  eta  388s
  450/3197     63s  eta  382s
  475/3197     66s  eta  378s
  500/3197     69s  eta  372s
  525/3197     72s  eta  369s
  550/3197     76s  eta  367s
  575/3197     80s  eta  364s
  600/3197     83s  eta  360s
  625/3197     87s  eta  358s
  650/3197     90s  eta  353s
  675/3197     94s  eta  350s
  700/3197     97s  eta  347s
  725/3197    100s  eta  342s
  750/3197    103s  eta  337s
  775/3197    107s  eta  334s
  800/3197    110s  eta  330s
  825/3197    113s  eta  326s
  850/3197    117s  eta  322s
  875/3197    120s  eta  318s
  900/3197    123s  eta  314s
  925/3197    126s  eta  310s
  950/3197    129s  eta  306s
  975/3197    133s  eta  302s
  1000/3197    136s  eta  299s
  1025/3197    139s  eta  294s
  1050/3197    142s  eta  290s
  1075/3197    144s  eta  284s
  1100/3197    147s  eta  281s
  1125/3197    151s  eta  278s
  1150/3197    154s  eta  275s
  1175/3197    157s  eta  271s
  1200/3197    161s  eta  268s
  1225/3197    164s  eta  264s
  1250/3197    167s  eta  261s
  1275/3197    170s  eta  257s
  1300/3197    174s  eta  253s
  1325/3197    177s  eta  249s
  1350/3197    180s  eta  246s
  1375/3197    183s  eta  242s
  1400/3197    186s  eta  238s
  1425/3197    189s  eta  235s
  1450/3197    192s  eta  232s
  1475/3197    196s  eta  228s
  1500/3197    199s  eta  225s
  1525/3197    202s  eta  221s
  1550/3197    205s  eta  218s
  1575/3197    209s  eta  215s
  1600/3197    212s  eta  212s
  1625/3197    216s  eta  209s
  1650/3197    219s  eta  206s
  1675/3197    222s  eta  202s
  1700/3197    226s  eta  199s
  1725/3197    229s  eta  195s
  1750/3197    232s  eta  192s
  1775/3197    235s  eta  188s
  1800/3197    239s  eta  185s
  1825/3197    242s  eta  182s
  1850/3197    246s  eta  179s
  1875/3197    248s  eta  175s
  1900/3197    252s  eta  172s
  1925/3197    256s  eta  169s
  1950/3197    259s  eta  166s
  1975/3197    262s  eta  162s
  2000/3197    266s  eta  159s
  2025/3197    269s  eta  155s
  2050/3197    272s  eta  152s
  2075/3197    276s  eta  149s
  2100/3197    279s  eta  146s
  2125/3197    283s  eta  143s
  2150/3197    286s  eta  139s
  2175/3197    290s  eta  136s
  2200/3197    293s  eta  133s
  2225/3197    297s  eta  130s
  2250/3197    300s  eta  126s
  2275/3197    303s  eta  123s
  2300/3197    306s  eta  119s
  2325/3197    309s  eta  116s
  2350/3197    312s  eta  112s
  2375/3197    315s  eta  109s
  2400/3197    318s  eta  106s
  2425/3197    321s  eta  102s
  2450/3197    325s  eta   99s
  2475/3197    328s  eta   96s
  2500/3197    332s  eta   93s
  2525/3197    336s  eta   89s
  2550/3197    340s  eta   86s
  2575/3197    344s  eta   83s
  2600/3197    348s  eta   80s
  2625/3197    351s  eta   77s
  2650/3197    354s  eta   73s
  2675/3197    360s  eta   70s
  2700/3197    363s  eta   67s
  2725/3197    367s  eta   63s
  2750/3197    370s  eta   60s
  2775/3197    373s  eta   57s
  2800/3197    377s  eta   53s
  2825/3197    380s  eta   50s
  2850/3197    384s  eta   47s
  2875/3197    387s  eta   43s
  2900/3197    391s  eta   40s
  2925/3197    398s  eta   37s
  2950/3197    401s  eta   34s
  2975/3197    404s  eta   30s
  3000/3197    408s  eta   27s
  3025/3197    412s  eta   23s
  3050/3197    415s  eta   20s
  3075/3197    419s  eta   17s
  3100/3197    423s  eta   13s
  3125/3197    427s  eta   10s
  3150/3197    431s  eta    6s
  3175/3197    434s  eta    3s
  [33mnote[0m  314 symbol(s) did not trade on 2026-08-19 — flagged traded_today = false
  cap bands: Below Microcap 2447, Small 250, Micro 250, Mid 150, Large 100
  [32mok[0m  ranked 2,896 companies; 301 funds carry NULL RS
  [32mok[0m  3197 of 3197 obtainable symbols (100.0% coverage), 0 skipped, 522s
        257 known-unavailable excluded (no data for 3+ runs); raw coverage 100.0% of 3197
        data as of 2026-08-19, 314 symbol(s) behind it
  [33mstale[0m 314 symbol(s) (10%) use prices older than 2026-08-19, oldest 2026-08-17
        Normal for illiquid names: they did not trade, so no bar exists. All are flagged traded_today = false and excluded from 'today' screens by default.
          GSEC10ABSL     2026-08-17
          AATMAJ         2026-08-18
          ABSMARINE      2026-08-18
          ACCENTMIC      2026-08-18
          ACCORD         2026-08-18
          AGARWALFT      2026-08-18
          AGNI           2026-08-18
          AGUL           2026-08-18
  [32mok[0m  breakouts: 347 total · 250 bullish · 97 bearish
        1D: 126
        1W: 95
        1M: 224
        Compare these against your live scan. They call the
        SAME detect_breakout(), so they should agree exactly.
  [32mok[0m  wrote 3197 rows for 2026-08-19  (9 day(s) of history)
       /opt/breakoutscanner/data_cache/snapshot.duckdb

[36m  predefined scanners against this snapshot:[0m
    Horizontal Resistance             500
    Tight Setup (Daily)               356
    VCP                               500
    RS High Before Price High         210
    Flags & Pennants                  500
    Inside Bar (Daily)                500
    21 EMA Shakeout                    78
    Gap Up (Unfilled)                 500
    Volume Gainers                    500
    Recent IPO Setups                 339
    Minervini Trend Template          500
    ★ Daily Screen — breakout in a strong stock  337

  Open the Screener page in the app to query it interactively.
wrote 3197 rows for 2026-08-19  (100% of 3197 obtainable; 261 known-unavailable of 3458 listed)
=== OK ===
=== finished 2026-08-19T13:18:20+00:00 ===
